 Script started at Sun Mar  2 19:11:27 IST 2025
Collecting numpy
  Using cached numpy-2.2.3-cp312-cp312-manylinux_2_17_x86_64.manylinux2014_x86_64.whl.metadata (62 kB)
Collecting matplotlib
  Using cached matplotlib-3.10.1-cp312-cp312-manylinux_2_17_x86_64.manylinux2014_x86_64.whl.metadata (11 kB)
Collecting contourpy>=1.0.1 (from matplotlib)
  Using cached contourpy-1.3.1-cp312-cp312-manylinux_2_17_x86_64.manylinux2014_x86_64.whl.metadata (5.4 kB)
Collecting cycler>=0.10 (from matplotlib)
  Using cached cycler-0.12.1-py3-none-any.whl.metadata (3.8 kB)
Collecting fonttools>=4.22.0 (from matplotlib)
  Using cached fonttools-4.56.0-cp312-cp312-manylinux_2_5_x86_64.manylinux1_x86_64.manylinux_2_17_x86_64.manylinux2014_x86_64.whl.metadata (101 kB)
Collecting kiwisolver>=1.3.1 (from matplotlib)
  Using cached kiwisolver-1.4.8-cp312-cp312-manylinux_2_17_x86_64.manylinux2014_x86_64.whl.metadata (6.2 kB)
Collecting packaging>=20.0 (from matplotlib)
  Using cached packaging-24.2-py3-none-any.whl.metadata (3.2 kB)
Collecting pillow>=8 (from matplotlib)
  Using cached pillow-11.1.0-cp312-cp312-manylinux_2_28_x86_64.whl.metadata (9.1 kB)
Collecting pyparsing>=2.3.1 (from matplotlib)
  Using cached pyparsing-3.2.1-py3-none-any.whl.metadata (5.0 kB)
Collecting python-dateutil>=2.7 (from matplotlib)
  Using cached python_dateutil-2.9.0.post0-py2.py3-none-any.whl.metadata (8.4 kB)
Collecting six>=1.5 (from python-dateutil>=2.7->matplotlib)
  Using cached six-1.17.0-py2.py3-none-any.whl.metadata (1.7 kB)
Using cached numpy-2.2.3-cp312-cp312-manylinux_2_17_x86_64.manylinux2014_x86_64.whl (16.1 MB)
Using cached matplotlib-3.10.1-cp312-cp312-manylinux_2_17_x86_64.manylinux2014_x86_64.whl (8.6 MB)
Using cached contourpy-1.3.1-cp312-cp312-manylinux_2_17_x86_64.manylinux2014_x86_64.whl (323 kB)
Using cached cycler-0.12.1-py3-none-any.whl (8.3 kB)
Using cached fonttools-4.56.0-cp312-cp312-manylinux_2_5_x86_64.manylinux1_x86_64.manylinux_2_17_x86_64.manylinux2014_x86_64.whl (4.9 MB)
Using cached kiwisolver-1.4.8-cp312-cp312-manylinux_2_17_x86_64.manylinux2014_x86_64.whl (1.5 MB)
Using cached packaging-24.2-py3-none-any.whl (65 kB)
Using cached pillow-11.1.0-cp312-cp312-manylinux_2_28_x86_64.whl (4.5 MB)
Using cached pyparsing-3.2.1-py3-none-any.whl (107 kB)
Using cached python_dateutil-2.9.0.post0-py2.py3-none-any.whl (229 kB)
Using cached six-1.17.0-py2.py3-none-any.whl (11 kB)
Installing collected packages: six, pyparsing, pillow, packaging, numpy, kiwisolver, fonttools, cycler, python-dateutil, contourpy, matplotlib
Successfully installed contourpy-1.3.1 cycler-0.12.1 fonttools-4.56.0 kiwisolver-1.4.8 matplotlib-3.10.1 numpy-2.2.3 packaging-24.2 pillow-11.1.0 pyparsing-3.2.1 python-dateutil-2.9.0.post0 six-1.17.0
 Processing data for plant: Rose
/root/plant_env/lib/python3.12/site-packages/numpy/_core/getlimits.py:551: UserWarning: Signature b'\x00\xd0\xcc\xcc\xcc\xcc\xcc\xcc\xfb\xbf\x00\x00\x00\x00\x00\x00' for <class 'numpy.longdouble'> does not match any known type: falling back to type probe function.
This warnings indicates broken support for the dtype!
  machar = _get_machar(dtype)
Generated plots for Rose:
 - Scatter plot saved as Rose_scatter.png
 - Histogram saved as Rose_histogram.png
 - Line plot saved as Rose_line_plot.png
 Successfully generated plots for Rose!
 Processing data for plant: Tulip
/root/plant_env/lib/python3.12/site-packages/numpy/_core/getlimits.py:551: UserWarning: Signature b'\x00\xd0\xcc\xcc\xcc\xcc\xcc\xcc\xfb\xbf\x00\x00\x00\x00\x00\x00' for <class 'numpy.longdouble'> does not match any known type: falling back to type probe function.
This warnings indicates broken support for the dtype!
  machar = _get_machar(dtype)
Generated plots for Tulip:
 - Scatter plot saved as Tulip_scatter.png
 - Histogram saved as Tulip_histogram.png
 - Line plot saved as Tulip_line_plot.png
 Successfully generated plots for Tulip!
 Processing data for plant: Sunflower
/root/plant_env/lib/python3.12/site-packages/numpy/_core/getlimits.py:551: UserWarning: Signature b'\x00\xd0\xcc\xcc\xcc\xcc\xcc\xcc\xfb\xbf\x00\x00\x00\x00\x00\x00' for <class 'numpy.longdouble'> does not match any known type: falling back to type probe function.
This warnings indicates broken support for the dtype!
  machar = _get_machar(dtype)
Generated plots for Sunflower:
 - Scatter plot saved as Sunflower_scatter.png
 - Histogram saved as Sunflower_histogram.png
 - Line plot saved as Sunflower_line_plot.png
 Successfully generated plots for Sunflower!
 Processing data for plant: Daffodil
/root/plant_env/lib/python3.12/site-packages/numpy/_core/getlimits.py:551: UserWarning: Signature b'\x00\xd0\xcc\xcc\xcc\xcc\xcc\xcc\xfb\xbf\x00\x00\x00\x00\x00\x00' for <class 'numpy.longdouble'> does not match any known type: falling back to type probe function.
This warnings indicates broken support for the dtype!
  machar = _get_machar(dtype)
Generated plots for Daffodil:
 - Scatter plot saved as Daffodil_scatter.png
 - Histogram saved as Daffodil_histogram.png
 - Line plot saved as Daffodil_line_plot.png
 Successfully generated plots for Daffodil!
 Processing data for plant: Lily
/root/plant_env/lib/python3.12/site-packages/numpy/_core/getlimits.py:551: UserWarning: Signature b'\x00\xd0\xcc\xcc\xcc\xcc\xcc\xcc\xfb\xbf\x00\x00\x00\x00\x00\x00' for <class 'numpy.longdouble'> does not match any known type: falling back to type probe function.
This warnings indicates broken support for the dtype!
  machar = _get_machar(dtype)
Generated plots for Lily:
 - Scatter plot saved as Lily_scatter.png
 - Histogram saved as Lily_histogram.png
 - Line plot saved as Lily_line_plot.png
 Successfully generated plots for Lily!
 Script execution completed successfully at Sun Mar  2 19:11:46 IST 2025
