 Script started at Sun Mar  2 19:18:50 IST 2025
 Processing data for plant: Rose
/root/plant_env/lib/python3.12/site-packages/numpy/_core/getlimits.py:551: UserWarning: Signature b'\x00\xd0\xcc\xcc\xcc\xcc\xcc\xcc\xfb\xbf\x00\x00\x00\x00\x00\x00' for <class 'numpy.longdouble'> does not match any known type: falling back to type probe function.
This warnings indicates broken support for the dtype!
  machar = _get_machar(dtype)
Generated plots for Rose:
 - Scatter plot saved as Rose_scatter.png
 - Histogram saved as Rose_histogram.png
 - Line plot saved as Rose_line_plot.png
 Successfully generated plots for Rose!
 Processing data for plant: Tulip
/root/plant_env/lib/python3.12/site-packages/numpy/_core/getlimits.py:551: UserWarning: Signature b'\x00\xd0\xcc\xcc\xcc\xcc\xcc\xcc\xfb\xbf\x00\x00\x00\x00\x00\x00' for <class 'numpy.longdouble'> does not match any known type: falling back to type probe function.
This warnings indicates broken support for the dtype!
  machar = _get_machar(dtype)
Generated plots for Tulip:
 - Scatter plot saved as Tulip_scatter.png
 - Histogram saved as Tulip_histogram.png
 - Line plot saved as Tulip_line_plot.png
 Successfully generated plots for Tulip!
 Processing data for plant: Sunflower
/root/plant_env/lib/python3.12/site-packages/numpy/_core/getlimits.py:551: UserWarning: Signature b'\x00\xd0\xcc\xcc\xcc\xcc\xcc\xcc\xfb\xbf\x00\x00\x00\x00\x00\x00' for <class 'numpy.longdouble'> does not match any known type: falling back to type probe function.
This warnings indicates broken support for the dtype!
  machar = _get_machar(dtype)
Generated plots for Sunflower:
 - Scatter plot saved as Sunflower_scatter.png
 - Histogram saved as Sunflower_histogram.png
 - Line plot saved as Sunflower_line_plot.png
 Successfully generated plots for Sunflower!
 Processing data for plant: Daffodil
/root/plant_env/lib/python3.12/site-packages/numpy/_core/getlimits.py:551: UserWarning: Signature b'\x00\xd0\xcc\xcc\xcc\xcc\xcc\xcc\xfb\xbf\x00\x00\x00\x00\x00\x00' for <class 'numpy.longdouble'> does not match any known type: falling back to type probe function.
This warnings indicates broken support for the dtype!
  machar = _get_machar(dtype)
Generated plots for Daffodil:
 - Scatter plot saved as Daffodil_scatter.png
 - Histogram saved as Daffodil_histogram.png
 - Line plot saved as Daffodil_line_plot.png
 Successfully generated plots for Daffodil!
 Processing data for plant: Lily
/root/plant_env/lib/python3.12/site-packages/numpy/_core/getlimits.py:551: UserWarning: Signature b'\x00\xd0\xcc\xcc\xcc\xcc\xcc\xcc\xfb\xbf\x00\x00\x00\x00\x00\x00' for <class 'numpy.longdouble'> does not match any known type: falling back to type probe function.
This warnings indicates broken support for the dtype!
  machar = _get_machar(dtype)
Generated plots for Lily:
 - Scatter plot saved as Lily_scatter.png
 - Histogram saved as Lily_histogram.png
 - Line plot saved as Lily_line_plot.png
 Successfully generated plots for Lily!
 Script execution completed successfully at Sun Mar  2 19:18:56 IST 2025
